// Jest Snapshot v1, https://goo.gl/fbAQLP

exports[`renders correctly 1`] = `
<View
  accessible={true}
  isTVSelectable={true}
  onResponderGrant={[Function]}
  onResponderMove={[Function]}
  onResponderRelease={[Function]}
  onResponderTerminate={[Function]}
  onResponderTerminationRequest={[Function]}
  onStartShouldSetResponder={[Function]}
  style={
    Object {
      "alignItems": "center",
      "backgroundColor": "#F80505",
      "bottom": 0,
      "left": 0,
      "opacity": 1,
      "padding": 10,
      "position": "absolute",
      "width": 750,
      "zIndex": 999,
    }
  }
>
  <Text
    style={
      Object {
        "color": "#ffffff",
        "fontSize": 20,
        "textAlign": "center",
      }
    }
  />
</View>
`;
